// Jest Snapshot v1, https://goo.gl/fbAQLP

exports[`should render MoviesSpinner component 1`] = `
<div
  class="spinner-border"
  role="status"
>
  <span
    class="sr-only"
  >
    Loading...
  </span>
</div>
`;
